// Vitest Snapshot v1, https://vitest.dev/guide/snapshot.html

exports[`Test SearchBar > mount component 1`] = `
"<div data-v-6ab8b910=\\"\\" class=\\"search-bar\\"><img data-v-6ab8b910=\\"\\" src=\\"/src/assets/beebot.png\\" alt=\\"Beebot logo\\"><input data-v-6ab8b910=\\"\\" type=\\"text\\" placeholder=\\"Pergunte para o Beebot\\">
  <div data-v-6ab8b910=\\"\\" class=\\"mic-container\\"><span data-v-6ab8b910=\\"\\" aria-hidden=\\"true\\" class=\\"material-design-icon microphone-icon\\" role=\\"img\\"><svg fill=\\"currentColor\\" class=\\"material-design-icon__svg\\" width=\\"32\\" height=\\"32\\" viewBox=\\"0 0 24 24\\"><path d=\\"M12,2A3,3 0 0,1 15,5V11A3,3 0 0,1 12,14A3,3 0 0,1 9,11V5A3,3 0 0,1 12,2M19,11C19,14.53 16.39,17.44 13,17.93V21H11V17.93C7.61,17.44 5,14.53 5,11H7A5,5 0 0,0 12,16A5,5 0 0,0 17,11H19Z\\"><!--v-if--></path></svg></span></div>
</div>"
`;
